../Core/Src/main.c:107:5:main	144	static
../Core/Src/main.c:246:6:SystemClock_Config	88	static
../Core/Src/main.c:288:13:MX_ADC1_Init	24	static
../Core/Src/main.c:340:13:MX_CAN1_Init	8	static
../Core/Src/main.c:377:13:MX_I2C1_Init	8	static
../Core/Src/main.c:411:13:MX_USART2_UART_Init	8	static
../Core/Src/main.c:444:13:MX_GPIO_Init	40	static
../Core/Src/main.c:468:6:HAL_CAN_RxFifo0MsgPendingCallback	56	static
../Core/Src/main.c:492:6:StartSensorTask	16	static
../Core/Src/main.c:535:6:StartCanTask	136	static
../Core/Src/main.c:580:6:StartDisplayTask	112	static
../Core/Src/main.c:603:6:Error_Handler	4	static,ignoring_inline_asm
